[2026-06-07 08:39:46] INFO [portfolio_rl:main.py:88] ============================================================
[2026-06-07 08:39:46] INFO [portfolio_rl:main.py:89] Initializing Jointly Optimized PPO Portfolio Management System
[2026-06-07 08:39:46] INFO [portfolio_rl:main.py:90] ============================================================
[2026-06-07 08:39:46] INFO [portfolio_rl:main.py:91] Arguments: {'mode': 'train', 'n_assets': 47, 'total_timesteps': 512, 'epochs': 10, 'batch_size': 64, 'rollout_length': 256, 'lr': 0.0003, 'device': 'cpu', 'seed': 42, 'checkpoint': 'best_model.pt', 'eval_frequency': 256, 'save_frequency': 512}
[2026-06-07 08:39:46] INFO [portfolio_rl:main.py:111] Loading raw CSE data from E:\Learning\4th 1st Semester\Research\Regime detection portfolio\data\raw...
[2026-06-07 08:41:25] INFO [portfolio_rl:main.py:117] Successfully loaded and aligned 47 assets.
[2026-06-07 08:41:25] INFO [portfolio_rl:main.py:124] Engineering features across the full dataset...
[2026-06-07 08:41:25] INFO [portfolio_rl:main.py:144] Splits - Train: 485 steps, Val: 103 steps, Test: 105 steps
[2026-06-07 08:41:26] INFO [portfolio_rl:main.py:161] Windows created - Train: 426, Val: 44, Test: 46
[2026-06-07 08:41:26] INFO [portfolio_rl:main.py:196] Initializing PPO Agent with 47 assets and 705 features...
[2026-06-07 08:41:28] INFO [portfolio_rl:main.py:218] Initializing PPOTrainer...
[2026-06-07 08:41:33] INFO [portfolio_rl:main.py:241] Starting training loop...
[2026-06-07 08:50:31] INFO [portfolio_rl:main.py:88] ============================================================
[2026-06-07 08:50:31] INFO [portfolio_rl:main.py:89] Initializing Jointly Optimized PPO Portfolio Management System
[2026-06-07 08:50:31] INFO [portfolio_rl:main.py:90] ============================================================
[2026-06-07 08:50:31] INFO [portfolio_rl:main.py:91] Arguments: {'mode': 'train', 'n_assets': 47, 'total_timesteps': 512, 'epochs': 10, 'batch_size': 64, 'rollout_length': 256, 'lr': 0.0003, 'device': 'cpu', 'seed': 42, 'checkpoint': 'best_model.pt', 'eval_frequency': 256, 'save_frequency': 512}
[2026-06-07 08:50:31] INFO [portfolio_rl:main.py:111] Loading raw CSE data from E:\Learning\4th 1st Semester\Research\Regime detection portfolio\data\raw...
[2026-06-07 08:51:30] INFO [portfolio_rl:main.py:117] Successfully loaded and aligned 47 assets.
[2026-06-07 08:51:30] INFO [portfolio_rl:main.py:124] Engineering features across the full dataset...
[2026-06-07 08:51:30] INFO [portfolio_rl:main.py:144] Splits - Train: 485 steps, Val: 103 steps, Test: 105 steps
[2026-06-07 08:51:31] INFO [portfolio_rl:main.py:161] Windows created - Train: 426, Val: 44, Test: 46
[2026-06-07 08:51:31] INFO [portfolio_rl:main.py:196] Initializing PPO Agent with 47 assets and 705 features...
[2026-06-07 08:51:32] INFO [portfolio_rl:main.py:218] Initializing PPOTrainer...
[2026-06-07 08:51:37] INFO [portfolio_rl:main.py:241] Starting training loop...
[2026-06-07 09:04:15] INFO [portfolio_rl:main.py:88] ============================================================
[2026-06-07 09:04:15] INFO [portfolio_rl:main.py:89] Initializing Jointly Optimized PPO Portfolio Management System
[2026-06-07 09:04:15] INFO [portfolio_rl:main.py:90] ============================================================
[2026-06-07 09:04:15] INFO [portfolio_rl:main.py:91] Arguments: {'mode': 'train', 'n_assets': 47, 'total_timesteps': 512, 'epochs': 10, 'batch_size': 64, 'rollout_length': 256, 'lr': 0.0003, 'device': 'cpu', 'seed': 42, 'checkpoint': 'best_model.pt', 'eval_frequency': 256, 'save_frequency': 512}
[2026-06-07 09:04:15] INFO [portfolio_rl:main.py:111] Loading raw CSE data from E:\Learning\4th 1st Semester\Research\Regime detection portfolio\data\raw...
[2026-06-07 09:05:01] INFO [portfolio_rl:main.py:117] Successfully loaded and aligned 47 assets.
[2026-06-07 09:05:01] INFO [portfolio_rl:main.py:124] Engineering features across the full dataset...
[2026-06-07 09:05:02] INFO [portfolio_rl:main.py:144] Splits - Train: 485 steps, Val: 103 steps, Test: 105 steps
[2026-06-07 09:05:02] INFO [portfolio_rl:main.py:161] Windows created - Train: 426, Val: 44, Test: 46
[2026-06-07 09:05:02] INFO [portfolio_rl:main.py:196] Initializing PPO Agent with 47 assets and 705 features...
[2026-06-07 09:05:03] INFO [portfolio_rl:main.py:218] Initializing PPOTrainer...
[2026-06-07 09:05:07] INFO [portfolio_rl:main.py:241] Starting training loop...
[2026-06-07 09:32:40] INFO [portfolio_rl:main.py:243] Training finished. Evaluating on test set...
[2026-06-07 09:39:30] INFO [portfolio_rl:main.py:88] ============================================================
[2026-06-07 09:39:30] INFO [portfolio_rl:main.py:89] Initializing Jointly Optimized PPO Portfolio Management System
[2026-06-07 09:39:30] INFO [portfolio_rl:main.py:90] ============================================================
[2026-06-07 09:39:30] INFO [portfolio_rl:main.py:91] Arguments: {'mode': 'train', 'n_assets': 47, 'total_timesteps': 10000, 'epochs': 10, 'batch_size': 64, 'rollout_length': 256, 'lr': 0.0003, 'device': 'cpu', 'seed': 42, 'checkpoint': 'best_model.pt', 'eval_frequency': 5000, 'save_frequency': 10000}
[2026-06-07 09:39:30] INFO [portfolio_rl:main.py:111] Loading raw CSE data from E:\Learning\4th 1st Semester\Research\Regime detection portfolio\data\raw...
[2026-06-07 09:40:19] INFO [portfolio_rl:main.py:117] Successfully loaded and aligned 47 assets.
[2026-06-07 09:40:19] INFO [portfolio_rl:main.py:124] Engineering features across the full dataset...
[2026-06-07 09:40:20] INFO [portfolio_rl:main.py:144] Splits - Train: 485 steps, Val: 103 steps, Test: 105 steps
[2026-06-07 09:40:20] INFO [portfolio_rl:main.py:161] Windows created - Train: 426, Val: 44, Test: 46
[2026-06-07 09:40:20] INFO [portfolio_rl:main.py:196] Initializing PPO Agent with 47 assets and 705 features...
[2026-06-07 09:40:20] INFO [portfolio_rl:main.py:218] Initializing PPOTrainer...
[2026-06-07 09:40:25] INFO [portfolio_rl:main.py:241] Starting training loop...
[2026-06-07 10:00:43] INFO [portfolio_rl:main.py:93] ============================================================
[2026-06-07 10:00:43] INFO [portfolio_rl:main.py:94] Initializing Jointly Optimized PPO Portfolio Management System
[2026-06-07 10:00:43] INFO [portfolio_rl:main.py:95] ============================================================
[2026-06-07 10:00:43] INFO [portfolio_rl:main.py:96] Arguments: {'mode': 'train', 'output_dir': 'E:\\Learning\\4th 1st Semester\\Research\\Regime detection portfolio\\results', 'n_assets': 47, 'total_timesteps': 10000, 'epochs': 10, 'batch_size': 64, 'rollout_length': 256, 'lr': 0.0003, 'device': 'cpu', 'seed': 42, 'checkpoint': 'best_model.pt', 'eval_frequency': 5000, 'save_frequency': 10000}
[2026-06-07 10:00:43] INFO [portfolio_rl:main.py:116] Loading raw CSE data from E:\Learning\4th 1st Semester\Research\Regime detection portfolio\data\raw...
[2026-06-07 10:01:23] INFO [portfolio_rl:main.py:122] Successfully loaded and aligned 47 assets.
[2026-06-07 10:01:23] INFO [portfolio_rl:main.py:129] Engineering features across the full dataset...
[2026-06-07 10:01:23] INFO [portfolio_rl:main.py:149] Splits - Train: 485 steps, Val: 103 steps, Test: 105 steps
[2026-06-07 10:01:23] INFO [portfolio_rl:main.py:166] Windows created - Train: 426, Val: 44, Test: 46
[2026-06-07 10:01:23] INFO [portfolio_rl:main.py:201] Initializing PPO Agent with 47 assets and 705 features...
[2026-06-07 10:01:24] INFO [portfolio_rl:main.py:223] Initializing PPOTrainer...
[2026-06-07 10:01:27] INFO [portfolio_rl:main.py:246] Starting training loop...
